#-----------------------------------------------------------
# Vivado v2023.1 (64-bit)
# SW Build 3865809 on Sun May  7 15:05:29 MDT 2023
# IP Build 3864474 on Sun May  7 20:36:21 MDT 2023
# SharedData Build 3865790 on Sun May 07 13:33:03 MDT 2023
# Start of session at: Wed Apr 17 13:58:06 2024
# Process ID: 11868
# Current directory: C:/yc185_cardio_capstone/weekly_progress/week7/vivado/FIR/project_3_FIR_IP_xdc_test2/project_3_FIR_IP_xdc_test2.runs/fir_compiler_0_synth_1
# Command line: vivado.exe -log fir_compiler_0.vds -product Vivado -mode batch -messageDb vivado.pb -notrace -source fir_compiler_0.tcl
# Log file: C:/yc185_cardio_capstone/weekly_progress/week7/vivado/FIR/project_3_FIR_IP_xdc_test2/project_3_FIR_IP_xdc_test2.runs/fir_compiler_0_synth_1/fir_compiler_0.vds
# Journal file: C:/yc185_cardio_capstone/weekly_progress/week7/vivado/FIR/project_3_FIR_IP_xdc_test2/project_3_FIR_IP_xdc_test2.runs/fir_compiler_0_synth_1\vivado.jou
# Running On: RYN-B10-PC-05, OS: Windows, CPU Frequency: 2496 MHz, CPU Physical cores: 8, Host memory: 68426 MB
#-----------------------------------------------------------
source fir_compiler_0.tcl -notrace
